******************************************************************************
                  TI ARM Linker PC v20.2.6                     
******************************************************************************
>> Linked Wed Sep 21 11:24:10 2022

OUTPUT FILE NAME:   <Lab1.out>
ENTRY POINT SYMBOL: "_c_int00_noinit_noargs"  address: 00000f21


MEMORY CONFIGURATION

         name            origin    length      used     unused   attr    fill
----------------------  --------  ---------  --------  --------  ----  --------
  FLASH                 00000000   00040000  00000f90  0003f070  R  X
  SRAM                  20000000   00008000  00000200  00007e00  RW X


SEGMENT ALLOCATION MAP

run origin  load origin   length   init length attrs members
----------  ----------- ---------- ----------- ----- -------
00000000    00000000    00000f90   00000f90    r-x
  00000000    00000000    0000026c   0000026c    r-- .intvecs
  0000026c    0000026c    00000d24   00000d24    r-x .text
20000000    20000000    00000200   00000000    rw-
  20000000    20000000    00000200   00000000    rw- .stack


SECTION ALLOCATION MAP

 output                                  attributes/
section   page    origin      length       input sections
--------  ----  ----------  ----------   ----------------
.intvecs   0    00000000    0000026c     
                  00000000    0000026c     tm4c123gh6pm_startup_ccs.obj (.intvecs)

.text      0    0000026c    00000d24     
                  0000026c    000007e4     gpio.obj (.text)
                  00000a50    000002a0     lab1_Shameen_Shetty.obj (.text)
                  00000cf0    0000015c     spi1.obj (.text)
                  00000e4c    000000d4     nvic.obj (.text)
                  00000f20    0000002c     rtsv7M4_T_le_v4SPD16_eabi.lib : boot_cortex_m.c.obj (.text:_c_int00_noinit_noargs:_c_int00_noinit_noargs)
                  00000f4c    00000020     wait.obj (.text)
                  00000f6c    00000010     clock.obj (.text)
                  00000f7c    0000000c     tm4c123gh6pm_startup_ccs.obj (.text)
                  00000f88    00000004     rtsv7M4_T_le_v4SPD16_eabi.lib : pre_init.c.obj (.text:_system_pre_init)
                  00000f8c    00000004                                   : exit.c.obj (.text:abort:abort)

.cinit     0    00000000    00000000     UNINITIALIZED

.init_array 
*          0    00000000    00000000     UNINITIALIZED

.stack     0    20000000    00000200     UNINITIALIZED
                  20000000    00000004     rtsv7M4_T_le_v4SPD16_eabi.lib : boot_cortex_m.c.obj (.stack)
                  20000004    000001fc     --HOLE--

__llvm_prf_cnts 
*          0    20000000    00000000     UNINITIALIZED

MODULE SUMMARY

       Module                         code   ro data   rw data
       ------                         ----   -------   -------
    .\
       gpio.obj                       2020   0         0      
       lab1_Shameen_Shetty.obj        672    0         0      
       tm4c123gh6pm_startup_ccs.obj   12     620       0      
       spi1.obj                       348    0         0      
       nvic.obj                       212    0         0      
       wait.obj                       32     0         0      
       clock.obj                      16     0         0      
    +--+------------------------------+------+---------+---------+
       Total:                         3312   620       0      
                                                              
    C:\ti\ccs1200\ccs\tools\compiler\ti-cgt-arm_20.2.6.LTS\lib\rtsv7M4_T_le_v4SPD16_eabi.lib
       boot_cortex_m.c.obj            44     0         0      
       exit.c.obj                     4      0         0      
       pre_init.c.obj                 4      0         0      
    +--+------------------------------+------+---------+---------+
       Total:                         52     0         0      
                                                              
       Stack:                         0      0         512    
    +--+------------------------------+------+---------+---------+
       Grand Total:                   3364   620       512    


GLOBAL SYMBOLS: SORTED ALPHABETICALLY BY Name 

address   name                         
-------   ----                         
00000f8d  C$$EXIT                      
00000f7d  ResetISR                     
20000200  __STACK_END                  
00000200  __STACK_SIZE                 
20000200  __STACK_TOP                  
ffffffff  __TI_pprof_out_hndl          
ffffffff  __TI_prof_data_size          
ffffffff  __TI_prof_data_start         
00000000  __TI_static_base__           
ffffffff  __binit__                    
ffffffff  __c_args__                   
UNDEFED   __mpu_init                   
20000000  __stack                      
20000000  __start___llvm_prf_cnts      
20000000  __stop___llvm_prf_cnts       
00000f21  _c_int00_noinit_noargs       
00000f89  _system_pre_init             
00000f8d  abort                        
ffffffff  binit                        
000008c1  clearPinInterrupt            
00000b7b  configureInterrupts          
00000e85  disableNvicInterrupt         
0000089d  disablePinInterrupt          
000005d5  disablePinPulldown           
0000058d  disablePinPullup             
00000329  disablePort                  
00000e4d  enableNvicInterrupt          
00000879  enablePinInterrupt           
000005b1  enablePinPulldown            
0000055f  enablePinPullup              
0000026d  enablePort                   
00000000  g_pfnVectors                 
0000090b  getPinValue                  
000009c1  getPortValue                 
00000ab9  initBusExpander              
00000c19  initHw                       
00000b0b  initInterrupts               
00000cf1  initSpi1                     
00000f6d  initSystemClockTo40Mhz       
00000c49  main                         
00000e25  readSpi1Data                 
00000ad3  resetBusExpander             
00000493  selectPinAnalogInput         
00000445  selectPinDigitalInput        
000007af  selectPinInterruptBothEdges  
0000075f  selectPinInterruptFallingEdge
00000805  selectPinInterruptHighLevel  
0000083f  selectPinInterruptLowLevel   
0000070f  selectPinInterruptRisingEdge 
000003f7  selectPinOpenDrainOutput     
000003a9  selectPinPushPullOutput      
00000a61  sendPacket                   
00000ebd  setNvicInterruptPriority     
000005fd  setPinAuxFunction            
000004e3  setPinCommitControl          
000008e5  setPinValue                  
00000945  setPortValue                 
00000d89  setSpi1BaudRate              
00000dbf  setSpi1Mode                  
00000bad  spiIsr                       
00000f4d  waitMicrosecond              
00000a51  waitPbPress                  
00000e0d  writeSpi1Data                


GLOBAL SYMBOLS: SORTED BY Symbol Address 

address   name                         
-------   ----                         
00000000  __TI_static_base__           
00000000  g_pfnVectors                 
00000200  __STACK_SIZE                 
0000026d  enablePort                   
00000329  disablePort                  
000003a9  selectPinPushPullOutput      
000003f7  selectPinOpenDrainOutput     
00000445  selectPinDigitalInput        
00000493  selectPinAnalogInput         
000004e3  setPinCommitControl          
0000055f  enablePinPullup              
0000058d  disablePinPullup             
000005b1  enablePinPulldown            
000005d5  disablePinPulldown           
000005fd  setPinAuxFunction            
0000070f  selectPinInterruptRisingEdge 
0000075f  selectPinInterruptFallingEdge
000007af  selectPinInterruptBothEdges  
00000805  selectPinInterruptHighLevel  
0000083f  selectPinInterruptLowLevel   
00000879  enablePinInterrupt           
0000089d  disablePinInterrupt          
000008c1  clearPinInterrupt            
000008e5  setPinValue                  
0000090b  getPinValue                  
00000945  setPortValue                 
000009c1  getPortValue                 
00000a51  waitPbPress                  
00000a61  sendPacket                   
00000ab9  initBusExpander              
00000ad3  resetBusExpander             
00000b0b  initInterrupts               
00000b7b  configureInterrupts          
00000bad  spiIsr                       
00000c19  initHw                       
00000c49  main                         
00000cf1  initSpi1                     
00000d89  setSpi1BaudRate              
00000dbf  setSpi1Mode                  
00000e0d  writeSpi1Data                
00000e25  readSpi1Data                 
00000e4d  enableNvicInterrupt          
00000e85  disableNvicInterrupt         
00000ebd  setNvicInterruptPriority     
00000f21  _c_int00_noinit_noargs       
00000f4d  waitMicrosecond              
00000f6d  initSystemClockTo40Mhz       
00000f7d  ResetISR                     
00000f89  _system_pre_init             
00000f8d  C$$EXIT                      
00000f8d  abort                        
20000000  __stack                      
20000000  __start___llvm_prf_cnts      
20000000  __stop___llvm_prf_cnts       
20000200  __STACK_END                  
20000200  __STACK_TOP                  
ffffffff  __TI_pprof_out_hndl          
ffffffff  __TI_prof_data_size          
ffffffff  __TI_prof_data_start         
ffffffff  __binit__                    
ffffffff  __c_args__                   
ffffffff  binit                        
UNDEFED   __mpu_init                   

[63 symbols]
